index.ts:6 hello
thumb.ts:4 thumb
client:52 [WDS] Live Reloading enabled.
DevTools failed to load SourceMap: Could not load content for webpack:///node_modules/sockjs-client/dist/sockjs.js.map: HTTP error: status code 404, net::ERR_UNKNOWN_URL_SCHEME
DevTools failed to load SourceMap: Could not load content for chrome-extension://jdidcgkdggndpodjbipodfefnpgjooeh/js/underscore-min.map: HTTP error: status code 404, net::ERR_UNKNOWN_URL_SCHEME
index.ts:44 run!!!! File {name: "hello.gba", lastModified: 1593935914614, lastModifiedDate: Sun Jul 05 2020 16:58:34 GMT+0900 (日本標準時), webkitRelativePath: "", size: 860, …}
core.ts:214 19
core.ts:214 18
core.ts:214 31
core.ts:963 B ea000006 cycles 0
core.ts:552 MOV e3a0f302 cycles = 3
core.ts:963 B ea00002e cycles 18
core.ts:963 B ea000006 cycles 38
core.ts:552 MOV e3a00301 cycles = 58
core.ts:869 STR e5800208 cycles 64
core.ts:552 MOV e3a00012 cycles = 73
core.ts:604 (16) ["12", "0", "0", "0", "0", "0", "0", "0", "0", "0", "0", "0", "0", "3007f00", "0", "80000f0"] "false" "false" "false" "false" "false" "false"
core.ts:605 MSR e129f000 cycles = 79
core.ts:614 (16) ["12", "0", "0", "0", "0", "0", "0", "0", "0", "0", "0", "0", "0", "3007f00", "0", "80000f0"] "false" "false" "false" "false" "false" "false" "cycles = 79"
core.ts:214 18
core.ts:857 LDR e59fd0b8 cycles 85
arm.ts:741 before LDR Int32Array(16) [18, 0, 0, 0, 0, 0, 0, 0, 0, 0, 0, 0, 0, 50364320, 0, 134217976]
arm.ts:750 Int32Array(16) [18, 0, 0, 0, 0, 0, 0, 0, 0, 0, 0, 0, 0, 50364320, 0, 134217976]
core.ts:552 MOV e3a0001f cycles = 100
core.ts:604 (16) ["1f", "0", "0", "0", "0", "0", "0", "0", "0", "0", "0", "0", "0", "3007fa0", "0", "80000fc"] "0" "0" "0" "0" "0" "0"
core.ts:605 MSR e129f000 cycles = 106
core.ts:614 (16) ["1f", "0", "0", "0", "0", "0", "0", "0", "0", "0", "0", "0", "0", "3007fa0", "0", "80000fc"] "0" "0" "0" "0" "0" "0" "cycles = 106"
core.ts:214 31
core.ts:857 LDR e59fd0b0 cycles 112
arm.ts:741 before LDR Int32Array(16) [31, 0, 0, 0, 0, 0, 0, 0, 0, 0, 0, 0, 0, 50364160, 0, 134217988]
arm.ts:750 Int32Array(16) [31, 0, 0, 0, 0, 0, 0, 0, 0, 0, 0, 0, 0, 50364160, 0, 134217988]
core.ts:482 ADD e28f0001 cycles = 127
arm.ts:480 before ADD Int32Array(16) [31, 0, 0, 0, 0, 0, 0, 0, 0, 0, 0, 0, 0, 50364160, 0, 134217992]
arm.ts:486 Int32Array(16) [31, 0, 0, 0, 0, 0, 0, 0, 0, 0, 0, 0, 0, 50364160, 0, 134217992]
core.ts:590 BX e12fff10 cycles = 133
arm.ts:608 before BX Int32Array(16) [134217993, 0, 0, 0, 0, 0, 0, 0, 0, 0, 0, 0, 0, 50364160, 0, 134217996]
core.ts:168 BX switchExecMode 1 cycles 139
arm.ts:616 Int32Array(16) [134217993, 0, 0, 0, 0, 0, 0, 0, 0, 0, 0, 0, 0, 50364160, 0, 134217992]
core.ts:1209 T LDR(3) 482b cycles 147
thumb.ts:343 before LDR3 Int32Array(16) [134217993, 0, 0, 0, 0, 0, 0, 0, 0, 0, 0, 0, 0, 50364160, 0, 134217996]
thumb.ts:355 Int32Array(16) [134217728, 0, 0, 0, 0, 0, 0, 0, 0, 0, 0, 0, 0, 50364160, 0, 134217996]
core.ts:1161 T LSL(1) 140 cycles 159
thumb.ts:434 bedfore lsl Int32Array(16) [134217728, 0, 0, 0, 0, 0, 0, 0, 0, 0, 0, 0, 0, 50364160, 0, 134217998]
thumb.ts:445 Int32Array(16) [0, 0, 0, 0, 0, 0, 0, 0, 0, 0, 0, 0, 0, 50364160, 0, 134217998] ARMCore {SP: 13, LR: 14, PC: 15, MODE_ARM: 0, MODE_THUMB: 1, …}
core.ts:1414 T B(1) -2df5 cycles 162
core.ts:1186 T MOV(1) 2140 cycles 173
thumb.ts:523 Int32Array(16) [0, 64, 0, 0, 0, 0, 0, 0, 0, 0, 0, 0, 0, 50364160, 0, 134218026]
core.ts:1161 T LSL(1) 309 cycles 176
thumb.ts:434 bedfore lsl Int32Array(16) [0, 64, 0, 0, 0, 0, 0, 0, 0, 0, 0, 0, 0, 50364160, 0, 134218028]
thumb.ts:445 Int32Array(16) [0, 262144, 0, 0, 0, 0, 0, 0, 0, 0, 0, 0, 0, 50364160, 0, 134218028] ARMCore {SP: 13, LR: 14, PC: 15, MODE_ARM: 0, MODE_THUMB: 1, …}
core.ts:1161 T LSL(1) 1c8 cycles 179
thumb.ts:434 bedfore lsl Int32Array(16) [0, 262144, 0, 0, 0, 0, 0, 0, 0, 0, 0, 0, 0, 50364160, 0, 134218030]
thumb.ts:445 Int32Array(16) [33554432, 262144, 0, 0, 0, 0, 0, 0, 0, 0, 0, 0, 0, 50364160, 0, 134218030] ARMCore {SP: 13, LR: 14, PC: 15, MODE_ARM: 0, MODE_THUMB: 1, …}
core.ts:1455 T BL(1) -1000 cycles 182
thumb.ts:200 Int32Array(16) [33554432, 262144, 0, 0, 0, 0, 0, 0, 0, 0, 0, 0, 0, 50364160, 134218032, 134218032]
core.ts:1465 T BL(2) fffff82b
thumb.ts:211 Int32Array(16) [33554432, 262144, 0, 0, 0, 0, 0, 0, 0, 0, 0, 0, 0, 50364160, 134218033, 134218118]
core.ts:1186 T MOV(1) 2203 cycles 196
thumb.ts:523 Int32Array(16) [33554432, 262144, 3, 0, 0, 0, 0, 0, 0, 0, 0, 0, 0, 50364160, 134218033, 134218122]
core.ts:1123 T ADD(3) 1889 cycles 199
thumb.ts:68 ADD3 Int32Array(16) [33554432, 262147, 3, 0, 0, 0, 0, 0, 0, 0, 0, 0, 0, 50364160, 134218033, 134218124] 0 false false 0
core.ts:1070 T BIC 4391 cycles 202
thumb.ts:191 Int32Array(16) [33554432, 262144, 3, 0, 0, 0, 0, 0, 0, 0, 0, 0, 0, 50364160, 134218033, 134218126] 0 false
core.ts:1414 T B(1) -2ffd cycles 205
core.ts:1186 T MOV(1) 2200 cycles 208
thumb.ts:523 Int32Array(16) [33554432, 262144, 0, 0, 0, 0, 0, 0, 0, 0, 0, 0, 0, 50364160, 134218033, 134218130]
core.ts:1397 T STMIA -3ffc cycles 211
core.ts:1201 T SUB(2) 3904 cycles 222
core.ts:1414 T B(1) -2e04 cycles 225
​ T BX 4770 cycles 1638603
​ BX switchExecMode 1 cycles 1638606
​ BX 134218033 14
​ Int32Array(16) [33816576, 0, 0, 0, 0, 0, 0, 0, 0, 0, 0, 0, 0, 50364160, 134218033, 134218032] "BX"
​ T LDR(3) 4823 cycles 1638614
​ before LDR3 Int32Array(16) [33816576, 0, 0, 0, 0, 0, 0, 0, 0, 0, 0, 0, 0, 50364160, 134218033, 134218036]
​ Int32Array(16) [50331648, 0, 0, 0, 0, 0, 0, 0, 0, 0, 0, 0, 0, 50364160, 134218033, 134218036]
​ T LDR(3) 4924 cycles 1638626
​ before LDR3 Int32Array(16) [50331648, 0, 0, 0, 0, 0, 0, 0, 0, 0, 0, 0, 0, 50364160, 134218033, 134218038]
​ Int32Array(16) [50331648, 50331680, 0, 0, 0, 0, 0, 0, 0, 0, 0, 0, 0, 50364160, 134218033, 134218038]
​ T SUB(3) 1a09 cycles 1638638
​ 50331680 50331648 true
​ Int32Array(16) [50331648, 32, 0, 0, 0, 0, 0, 0, 0, 0, 0, 0, 0, 50364160, 134218033, 134218040] ARMCore {SP: 13, LR: 14, PC: 15, MODE_ARM: 0, MODE_THUMB: 1, …}
​ T BL(1) -1000 cycles 1638641
​ Int32Array(16) [50331648, 32, 0, 0, 0, 0, 0, 0, 0, 0, 0, 0, 0, 50364160, 134218042, 134218042]
​ T BL(2) fffff826
​ Int32Array(16) [50331648, 32, 0, 0, 0, 0, 0, 0, 0, 0, 0, 0, 0, 50364160, 134218043, 134218118]
​ Int32Array(16) [50331648, 32, 3, 0, 0, 0, 0, 0, 0, 0, 0, 0, 0, 50364160, 134218043, 134218122]
​ ADD3 Int32Array(16) [50331648, 35, 3, 0, 0, 0, 0, 0, 0, 0, 0, 0, 0, 50364160, 134218043, 134218124] 0 false false 0
​ Int32Array(16) [50331648, 32, 3, 0, 0, 0, 0, 0, 0, 0, 0, 0, 0, 50364160, 134218043, 134218126] 0 false
​ Int32Array(16) [50331648, 32, 0, 0, 0, 0, 0, 0, 0, 0, 0, 0, 0, 50364160, 134218043, 134218130]
​ 3000000 0
​ 3000004 0
​ 3000008 0
​ 300000c 0
​ 3000010 0
​ 3000014 0
​ 3000018 0
​ 300001c 0
​ BX switchExecMode 1 cycles 1638825
​ BX 134218043 14
​ Int32Array(16) [50331680, 0, 0, 0, 0, 0, 0, 0, 0, 0, 0, 0, 0, 50364160, 134218043, 134218042] "BX"
​ T LDR(3) 4823 cycles 1638833
​ before LDR3 Int32Array(16) [50331680, 0, 0, 0, 0, 0, 0, 0, 0, 0, 0, 0, 0, 50364160, 134218043, 134218046]
​ Int32Array(16) [33554432, 0, 0, 0, 0, 0, 0, 0, 0, 0, 0, 0, 0, 50364160, 134218043, 134218046]
​ T LDR(3) 4923 cycles 1638845
​ before LDR3 Int32Array(16) [33554432, 0, 0, 0, 0, 0, 0, 0, 0, 0, 0, 0, 0, 50364160, 134218043, 134218048]
​ Int32Array(16) [33554432, 33554432, 0, 0, 0, 0, 0, 0, 0, 0, 0, 0, 0, 50364160, 134218043, 134218048]
​ T SUB(3) 1a09 cycles 1638857
​ 33554432 33554432 true
​ Int32Array(16) [33554432, 0, 0, 0, 0, 0, 0, 0, 0, 0, 0, 0, 0, 50364160, 134218043, 134218050] ARMCore {SP: 13, LR: 14, PC: 15, MODE_ARM: 0, MODE_THUMB: 1, …}
​ T BL(1) -1000 cycles 1638860
​ Int32Array(16) [33554432, 0, 0, 0, 0, 0, 0, 0, 0, 0, 0, 0, 0, 50364160, 134218052, 134218052]
​ T BL(2) fffff821
​ Int32Array(16) [33554432, 0, 0, 0, 0, 0, 0, 0, 0, 0, 0, 0, 0, 50364160, 134218053, 134218118]
​ Int32Array(16) [33554432, 0, 3, 0, 0, 0, 0, 0, 0, 0, 0, 0, 0, 50364160, 134218053, 134218122]
​ ADD3 Int32Array(16) [33554432, 3, 3, 0, 0, 0, 0, 0, 0, 0, 0, 0, 0, 50364160, 134218053, 134218124] 0 false false 0
​ Int32Array(16) [33554432, 0, 3, 0, 0, 0, 0, 0, 0, 0, 0, 0, 0, 50364160, 134218053, 134218126] 0 true
​ BX switchExecMode 1 cycles 1638897
​ BX 134218053 14
​ Int32Array(16) [33554432, 0, 3, 0, 0, 0, 0, 0, 0, 0, 0, 0, 0, 50364160, 134218053, 134218052] "BX"
​ T LDR(3) 4922 cycles 1638905
​ before LDR3 Int32Array(16) [33554432, 0, 3, 0, 0, 0, 0, 0, 0, 0, 0, 0, 0, 50364160, 134218053, 134218056]
​ Int32Array(16) [33554432, 134218572, 3, 0, 0, 0, 0, 0, 0, 0, 0, 0, 0, 50364160, 134218053, 134218056]
​ T LDR(3) 4a23 cycles 1638917
​ before LDR3 Int32Array(16) [33554432, 134218572, 3, 0, 0, 0, 0, 0, 0, 0, 0, 0, 0, 50364160, 134218053, 134218058]
​ Int32Array(16) [33554432, 134218572, 50331680, 0, 0, 0, 0, 0, 0, 0, 0, 0, 0, 50364160, 134218053, 134218058]
​ T LDR(3) 4c23 cycles 1638929
​ before LDR3 Int32Array(16) [33554432, 134218572, 50331680, 0, 0, 0, 0, 0, 0, 0, 0, 0, 0, 50364160, 134218053, 134218060]
​ Int32Array(16) [33554432, 134218572, 50331680, 0, 50331688, 0, 0, 0, 0, 0, 0, 0, 0, 50364160, 134218053, 134218060]
​ T BL(1) -1000 cycles 1638941
​ Int32Array(16) [33554432, 134218572, 50331680, 0, 50331688, 0, 0, 0, 0, 0, 0, 0, 0, 50364160, 134218062, 134218062]
​ T BL(2) fffff826
​ Int32Array(16) [33554432, 134218572, 50331680, 0, 50331688, 0, 0, 0, 0, 0, 0, 0, 0, 50364160, 134218063, 134218138]
​ T SUB(3) 1aa3 cycles 1638955
​ 50331688 50331680 true
​ Int32Array(16) [33554432, 134218572, 50331680, 8, 50331688, 0, 0, 0, 0, 0, 0, 0, 0, 50364160, 134218063, 134218142] ARMCore {SP: 13, LR: 14, PC: 15, MODE_ARM: 0, MODE_THUMB: 1, …}
​ T MOV(1) 2003 cycles 1638958
​ Int32Array(16) [3, 134218572, 50331680, 8, 50331688, 0, 0, 0, 0, 0, 0, 0, 0, 50364160, 134218063, 134218144]
​ T ADD(3) 181b cycles 1638961
​ ADD3 Int32Array(16) [3, 134218572, 50331680, 11, 50331688, 0, 0, 0, 0, 0, 0, 0, 0, 50364160, 134218063, 134218146] 0 false false 0
​ T BIC 4383 cycles 1638964
​ Int32Array(16) [3, 134218572, 50331680, 8, 50331688, 0, 0, 0, 0, 0, 0, 0, 0, 50364160, 134218063, 134218148] 0 false
​ T B(1) -2ffd cycles 1638967
​ T LDMIA -36ff cycles 1638970
​ LDMIA Int32Array(16) [134218413, 134218576, 50331680, 8, 50331688, 0, 0, 0, 0, 0, 0, 0, 0, 50364160, 134218063, 134218152]
​ T STMIA -3dff cycles 1638981
​ 3000020 134218413
​ T SUB(2) 3b04 cycles 1638987
​ T B(1) -2e05 cycles 1638990
​ LDMIA Int32Array(16) [134218365, 134218580, 50331684, 4, 50331688, 0, 0, 0, 0, 0, 0, 0, 0, 50364160, 134218063, 134218152]
​ 3000024 134218365
​ T BX 4770 cycles 1639024
​ BX switchExecMode 1 cycles 1639027
​ BX 134218063 14
​ Int32Array(16) [134218365, 134218580, 50331688, 0, 50331688, 0, 0, 0, 0, 0, 0, 0, 0, 50364160, 134218063, 134218062] "BX"
​ T LDR(3) 4923 cycles 1639035
​ before LDR3 Int32Array(16) [134218365, 134218580, 50331688, 0, 50331688, 0, 0, 0, 0, 0, 0, 0, 0, 50364160, 134218063, 134218066]
​ Int32Array(16) [134218365, 134218572, 50331688, 0, 50331688, 0, 0, 0, 0, 0, 0, 0, 0, 50364160, 134218063, 134218066]
​ T LDR(3) 4a23 cycles 1639047
​ before LDR3 Int32Array(16) [134218365, 134218572, 50331688, 0, 50331688, 0, 0, 0, 0, 0, 0, 0, 0, 50364160, 134218063, 134218068]
​ Int32Array(16) [134218365, 134218572, 50331648, 0, 50331688, 0, 0, 0, 0, 0, 0, 0, 0, 50364160, 134218063, 134218068]
​ T LDR(3) 4c24 cycles 1639059
​ before LDR3 Int32Array(16) [134218365, 134218572, 50331648, 0, 50331688, 0, 0, 0, 0, 0, 0, 0, 0, 50364160, 134218063, 134218070]
​ Int32Array(16) [134218365, 134218572, 50331648, 0, 50331648, 0, 0, 0, 0, 0, 0, 0, 0, 50364160, 134218063, 134218070]
​ T BL(1) -1000 cycles 1639071
​ Int32Array(16) [134218365, 134218572, 50331648, 0, 50331648, 0, 0, 0, 0, 0, 0, 0, 0, 50364160, 134218072, 134218072]
​ T BL(2) fffff821
​ Int32Array(16) [134218365, 134218572, 50331648, 0, 50331648, 0, 0, 0, 0, 0, 0, 0, 0, 50364160, 134218073, 134218138]
​ 50331648 50331648 true
​ Int32Array(16) [134218365, 134218572, 50331648, 0, 50331648, 0, 0, 0, 0, 0, 0, 0, 0, 50364160, 134218073, 134218142] ARMCore {SP: 13, LR: 14, PC: 15, MODE_ARM: 0, MODE_THUMB: 1, …}
​ Int32Array(16) [3, 134218572, 50331648, 0, 50331648, 0, 0, 0, 0, 0, 0, 0, 0, 50364160, 134218073, 134218144]
​ ADD3 Int32Array(16) [3, 134218572, 50331648, 3, 50331648, 0, 0, 0, 0, 0, 0, 0, 0, 50364160, 134218073, 134218146] 0 false false 0
​ Int32Array(16) [3, 134218572, 50331648, 0, 50331648, 0, 0, 0, 0, 0, 0, 0, 0, 50364160, 134218073, 134218148] 0 true
​ BX switchExecMode 1 cycles 1639111
​ BX 134218073 14
​ Int32Array(16) [3, 134218572, 50331648, 0, 50331648, 0, 0, 0, 0, 0, 0, 0, 0, 50364160, 134218073, 134218072] "BX"
​ T LDR(3) 4a23 cycles 1639119
​ before LDR3 Int32Array(16) [3, 134218572, 50331648, 0, 50331648, 0, 0, 0, 0, 0, 0, 0, 0, 50364160, 134218073, 134218076]
​ Int32Array(16) [3, 134218572, 134218580, 0, 50331648, 0, 0, 0, 0, 0, 0, 0, 0, 50364160, 134218073, 134218076]
​ T LDR(3) 4924 cycles 1639131
​ before LDR3 Int32Array(16) [3, 134218572, 134218580, 0, 50331648, 0, 0, 0, 0, 0, 0, 0, 0, 50364160, 134218073, 134218078]
​ Int32Array(16) [3, 134218580, 134218580, 0, 50331648, 0, 0, 0, 0, 0, 0, 0, 0, 50364160, 134218073, 134218078]
​ T SUB(3) 1a53 cycles 1639143
​ 134218580 134218580 true
​ Int32Array(16) [3, 134218580, 134218580, 0, 50331648, 0, 0, 0, 0, 0, 0, 0, 0, 50364160, 134218073, 134218080] ARMCore {SP: 13, LR: 14, PC: 15, MODE_ARM: 0, MODE_THUMB: 1, …}
​ T B(1) -2ffe cycles 1639146
​ T LDR(3) 4923 cycles 1639157
​ before LDR3 Int32Array(16) [3, 134218580, 134218580, 0, 50331648, 0, 0, 0, 0, 0, 0, 0, 0, 50364160, 134218073, 134218090]
​ Int32Array(16) [3, 134218580, 134218580, 0, 50331648, 0, 0, 0, 0, 0, 0, 0, 0, 50364160, 134218073, 134218090]
​ T LDR(3) 4a23 cycles 1639169
​ before LDR3 Int32Array(16) [3, 134218580, 134218580, 0, 50331648, 0, 0, 0, 0, 0, 0, 0, 0, 50364160, 134218073, 134218092]
​ Int32Array(16) [3, 134218580, 33554432, 0, 50331648, 0, 0, 0, 0, 0, 0, 0, 0, 50364160, 134218073, 134218092]
​ T LDR(3) 4c24 cycles 1639181
​ before LDR3 Int32Array(16) [3, 134218580, 33554432, 0, 50331648, 0, 0, 0, 0, 0, 0, 0, 0, 50364160, 134218073, 134218094]
​ Int32Array(16) [3, 134218580, 33554432, 0, 33554432, 0, 0, 0, 0, 0, 0, 0, 0, 50364160, 134218073, 134218094]
​ T BL(1) -1000 cycles 1639193
​ Int32Array(16) [3, 134218580, 33554432, 0, 33554432, 0, 0, 0, 0, 0, 0, 0, 0, 50364160, 134218096, 134218096]
​ T BL(2) fffff815
​ Int32Array(16) [3, 134218580, 33554432, 0, 33554432, 0, 0, 0, 0, 0, 0, 0, 0, 50364160, 134218097, 134218138]
​ 33554432 33554432 true
​ Int32Array(16) [3, 134218580, 33554432, 0, 33554432, 0, 0, 0, 0, 0, 0, 0, 0, 50364160, 134218097, 134218142] ARMCore {SP: 13, LR: 14, PC: 15, MODE_ARM: 0, MODE_THUMB: 1, …}
​ Int32Array(16) [3, 134218580, 33554432, 0, 33554432, 0, 0, 0, 0, 0, 0, 0, 0, 50364160, 134218097, 134218144]
​ ADD3 Int32Array(16) [3, 134218580, 33554432, 3, 33554432, 0, 0, 0, 0, 0, 0, 0, 0, 50364160, 134218097, 134218146] 0 false false 0
​ Int32Array(16) [3, 134218580, 33554432, 0, 33554432, 0, 0, 0, 0, 0, 0, 0, 0, 50364160, 134218097, 134218148] 0 true
​ BX switchExecMode 1 cycles 1639233
​ BX 134218097 14
​ Int32Array(16) [3, 134218580, 33554432, 0, 33554432, 0, 0, 0, 0, 0, 0, 0, 0, 50364160, 134218097, 134218096] "BX"
​ T LDR(3) 4923 cycles 1639241
​ before LDR3 Int32Array(16) [3, 134218580, 33554432, 0, 33554432, 0, 0, 0, 0, 0, 0, 0, 0, 50364160, 134218097, 134218100]
​ Int32Array(16) [3, 50331676, 33554432, 0, 33554432, 0, 0, 0, 0, 0, 0, 0, 0, 50364160, 134218097, 134218100]
​ T LDR(3) 4824 cycles 1639253
​ before LDR3 Int32Array(16) [3, 50331676, 33554432, 0, 33554432, 0, 0, 0, 0, 0, 0, 0, 0, 50364160, 134218097, 134218102]
​ Int32Array(16) [33816576, 50331676, 33554432, 0, 33554432, 0, 0, 0, 0, 0, 0, 0, 0, 50364160, 134218097, 134218102]
​ T STR(1) 6008 cycles 1639265
​ 300001c 33816576
​ T LDR(3) 4b24 cycles 1639271
​ before LDR3 Int32Array(16) [33816576, 50331676, 33554432, 0, 33554432, 0, 0, 0, 0, 0, 0, 0, 0, 50364160, 134218097, 134218106]
​ Int32Array(16) [33816576, 50331676, 33554432, 134218477, 33554432, 0, 0, 0, 0, 0, 0, 0, 0, 50364160, 134218097, 134218106]
​ T BL(1) -1000 cycles 1639283
​ Int32Array(16) [33816576, 50331676, 33554432, 134218477, 33554432, 0, 0, 0, 0, 0, 0, 0, 0, 50364160, 134218108, 134218108]
​ T BL(2) fffff80e
​ Int32Array(16) [33816576, 50331676, 33554432, 134218477, 33554432, 0, 0, 0, 0, 0, 0, 0, 0, 50364160, 134218109, 134218136]
​ T BX 4718 cycles 1639297
​ BX switchExecMode 1 cycles 1639300
​ BX 134218477 3
​ Int32Array(16) [33816576, 50331676, 33554432, 134218477, 33554432, 0, 0, 0, 0, 0, 0, 0, 0, 50364160, 134218109, 134218476] "BX"
​ T PUSH ffffb570
​ 3007efc 134218109
​ 3007ef8 0
​ 3007ef4 0
​ 3007ef0 33554432
​ PUSH Int32Array(16) [33816576, 50331676, 33554432, 134218477, 33554432, 0, 0, 0, 0, 0, 0, 0, 0, 50364144, 134218109, 134218480] 112 true
​ T LDR(3) 4d0e cycles 1639315
​ before LDR3 Int32Array(16) [33816576, 50331676, 33554432, 134218477, 33554432, 0, 0, 0, 0, 0, 0, 0, 0, 50364144, 134218109, 134218482]
​ Int32Array(16) [33816576, 50331676, 33554432, 134218477, 33554432, 50331680, 0, 0, 0, 0, 0, 0, 0, 50364144, 134218109, 134218482]
​ T LDR(3) 4e0e cycles 1639327
​ before LDR3 Int32Array(16) [33816576, 50331676, 33554432, 134218477, 33554432, 50331680, 0, 0, 0, 0, 0, 0, 0, 50364144, 134218109, 134218484]
​ Int32Array(16) [33816576, 50331676, 33554432, 134218477, 33554432, 50331680, 50331680, 0, 0, 0, 0, 0, 0, 50364144, 134218109, 134218484]
​ T SUB(3) 1b76 cycles 1639339
​ 50331680 50331680 true
​ Int32Array(16) [33816576, 50331676, 33554432, 134218477, 33554432, 50331680, 0, 0, 0, 0, 0, 0, 0, 50364144, 134218109, 134218486] ARMCore {SP: 13, LR: 14, PC: 15, MODE_ARM: 0, MODE_THUMB: 1, …}
​ T ASR(1) 10b6 cycles 1639342
​ Int32Array(16) [33816576, 50331676, 33554432, 134218477, 33554432, 50331680, 0, 0, 0, 0, 0, 0, 0, 50364144, 134218109, 134218488] 0 0 true 0
​ T B(1) -2ffa cycles 1639345
​ T BL(1) -801 cycles 1639356
​ Int32Array(16) [33816576, 50331676, 33554432, 134218477, 33554432, 50331680, 0, 0, 0, 0, 0, 0, 0, 50364144, 134214410, 134218506]
​ T BL(2) ffffff83
​ Int32Array(16) [33816576, 50331676, 33554432, 134218477, 33554432, 50331680, 0, 0, 0, 0, 0, 0, 0, 50364144, 134218507, 134218256]
​ T PUSH ffffb5f8
​ 3007eec 134218507
​ 3007ee8 0
​ 3007ee4 0
​ 3007ee0 50331680
bus.ts:450 3007edc 33554432
bus.ts:450 3007ed8 134218477
thumb.ts:656 PUSH Int32Array(16) [33816576, 50331676, 33554432, 134218477, 33554432, 50331680, 0, 0, 0, 0, 0, 0, 0, 50364120, 134218507, 134218260] 248 true
core.ts:1102 T MOV(3) 46c0 cycles 1639379
core.ts:1307 T POP -4308 cycles 1639382
thumb.ts:623 Int32Array(16) [33816576, 50331676, 33554432, 134218477, 33554432, 50331680, 0, 0, 0, 0, 0, 0, 0, 50364140, 134218507, 134218264]
core.ts:1307 T POP -43f8 cycles 1639396
thumb.ts:623 Int32Array(16) [33816576, 50331676, 33554432, 134218507, 33554432, 50331680, 0, 0, 0, 0, 0, 0, 0, 50364144, 134218507, 134218266]
core.ts:1102 T MOV(3) 469e cycles 1639402
core.ts:1107 T BX 4770 cycles 1639405
core.ts:168 BX switchExecMode 1 cycles 1639408
thumb.ts:225 BX 134218507 14
thumb.ts:226 Int32Array(16) [33816576, 50331676, 33554432, 134218507, 33554432, 50331680, 0, 0, 0, 0, 0, 0, 0, 50364144, 134218507, 134218506] "BX"
core.ts:1209 T LDR(3) 4d09 cycles 1639416
thumb.ts:343 before LDR3 Int32Array(16) [33816576, 50331676, 33554432, 134218507, 33554432, 50331680, 0, 0, 0, 0, 0, 0, 0, 50364144, 134218507, 134218510]
thumb.ts:355 Int32Array(16) [33816576, 50331676, 33554432, 134218507, 33554432, 50331680, 0, 0, 0, 0, 0, 0, 0, 50364144, 134218507, 134218510]
core.ts:1209 T LDR(3) 4e09 cycles 1639428
thumb.ts:343 before LDR3 Int32Array(16) [33816576, 50331676, 33554432, 134218507, 33554432, 50331680, 0, 0, 0, 0, 0, 0, 0, 50364144, 134218507, 134218512]
thumb.ts:355 Int32Array(16) [33816576, 50331676, 33554432, 134218507, 33554432, 50331680, 50331684, 0, 0, 0, 0, 0, 0, 50364144, 134218507, 134218512]
core.ts:1128 T SUB(3) 1b76 cycles 1639440
thumb.ts:829 50331684 50331680 true
thumb.ts:832 Int32Array(16) [33816576, 50331676, 33554432, 134218507, 33554432, 50331680, 4, 0, 0, 0, 0, 0, 0, 50364144, 134218507, 134218514] ARMCore {SP: 13, LR: 14, PC: 15, MODE_ARM: 0, MODE_THUMB: 1, …}
core.ts:1171 T ASR(1) 10b6 cycles 1639443
thumb.ts:133 Int32Array(16) [33816576, 50331676, 33554432, 134218507, 33554432, 50331680, 1, 0, 0, 0, 0, 0, 0, 50364144, 134218507, 134218516] 0 0 false 0
core.ts:1414 T B(1) -2ffa cycles 1639446
core.ts:1186 T MOV(1) 2400 cycles 1639449
thumb.ts:523 Int32Array(16) [33816576, 50331676, 33554432, 134218507, 0, 50331680, 1, 0, 0, 0, 0, 0, 0, 50364144, 134218507, 134218520]
core.ts:1392 T LDMIA -32f8 cycles 1639452
thumb.ts:315 LDMIA Int32Array(16) [33816576, 50331676, 33554432, 134218413, 0, 50331684, 1, 0, 0, 0, 0, 0, 0, 50364144, 134218507, 134218522]
core.ts:1195 T ADD(2) 3401 cycles 1639456
thumb.ts:51 ADD2 Int32Array(16) [33816576, 50331676, 33554432, 134218413, 1, 50331684, 1, 0, 0, 0, 0, 0, 0, 50364144, 134218507, 134218524] 0 false false 0
core.ts:1455 T BL(1) -1000 cycles 1639459
thumb.ts:200 Int32Array(16) [33816576, 50331676, 33554432, 134218413, 1, 50331684, 1, 0, 0, 0, 0, 0, 0, 50364144, 134218526, 134218526]
core.ts:1465 T BL(2) fffff80d
thumb.ts:211 Int32Array(16) [33816576, 50331676, 33554432, 134218413, 1, 50331684, 1, 0, 0, 0, 0, 0, 0, 50364144, 134218527, 134218552]
core.ts:1107 T BX 4718 cycles 1639473
core.ts:168 BX switchExecMode 1 cycles 1639476
thumb.ts:225 BX 134218413 3
thumb.ts:226 Int32Array(16) [33816576, 50331676, 33554432, 134218413, 1, 50331684, 1, 0, 0, 0, 0, 0, 0, 50364144, 134218527, 134218412] "BX"
core.ts:1209 T LDR(3) 4b06 cycles 1639484
thumb.ts:343 before LDR3 Int32Array(16) [33816576, 50331676, 33554432, 134218413, 1, 50331684, 1, 0, 0, 0, 0, 0, 0, 50364144, 134218527, 134218416]
thumb.ts:355 Int32Array(16) [33816576, 50331676, 33554432, 0, 1, 50331684, 1, 0, 0, 0, 0, 0, 0, 50364144, 134218527, 134218416]
core.ts:1314 T PUSH ffffb510
bus.ts:450 3007eec 134218527
bus.ts:450 3007ee8 1
thumb.ts:656 PUSH Int32Array(16) [33816576, 50331676, 33554432, 0, 1, 50331684, 1, 0, 0, 0, 0, 0, 0, 50364136, 134218527, 134218418] 16 true
core.ts:1191 T CMP(1) 2b00 cycles 1639501
thumb.ts:254 Int32Array(16) [33816576, 50331676, 33554432, 0, 1, 50331684, 1, 0, 0, 0, 0, 0, 0, 50364136, 134218527, 134218420] 0 true true 0
core.ts:1414 T B(1) -2ffd cycles 1639504
core.ts:1455 T BL(1) -801 cycles 1639515
thumb.ts:200 Int32Array(16) [33816576, 50331676, 33554432, 0, 1, 50331684, 1, 0, 0, 0, 0, 0, 0, 50364136, 134214336, 134218432]
core.ts:1465 T BL(2) ffffffc4
thumb.ts:211 Int32Array(16) [33816576, 50331676, 33554432, 0, 1, 50331684, 1, 0, 0, 0, 0, 0, 0, 50364136, 134218433, 134218312]
core.ts:1209 T LDR(3) 4808 cycles 1639529
thumb.ts:343 before LDR3 Int32Array(16) [33816576, 50331676, 33554432, 0, 1, 50331684, 1, 0, 0, 0, 0, 0, 0, 50364136, 134218433, 134218316]
thumb.ts:355 Int32Array(16) [50331648, 50331676, 33554432, 0, 1, 50331684, 1, 0, 0, 0, 0, 0, 0, 50364136, 134218433, 134218316]
core.ts:1209 T LDR(3) 4909 cycles 1639541
thumb.ts:343 before LDR3 Int32Array(16) [50331648, 50331676, 33554432, 0, 1, 50331684, 1, 0, 0, 0, 0, 0, 0, 50364136, 134218433, 134218318]
thumb.ts:355 Int32Array(16) [50331648, 50331648, 33554432, 0, 1, 50331684, 1, 0, 0, 0, 0, 0, 0, 50364136, 134218433, 134218318]
core.ts:1128 T SUB(3) 1a09 cycles 1639553
thumb.ts:829 50331648 50331648 true
thumb.ts:832 Int32Array(16) [50331648, 0, 33554432, 0, 1, 50331684, 1, 0, 0, 0, 0, 0, 0, 50364136, 134218433, 134218320] ARMCore {SP: 13, LR: 14, PC: 15, MODE_ARM: 0, MODE_THUMB: 1, …}
core.ts:1171 T ASR(1) 1089 cycles 1639556
thumb.ts:133 Int32Array(16) [50331648, 0, 33554432, 0, 1, 50331684, 1, 0, 0, 0, 0, 0, 0, 50364136, 134218433, 134218322] 0 0 true 0
core.ts:1166 T LSR(1) fcb cycles 1639559
core.ts:1123 T ADD(3) 1859 cycles 1639562
thumb.ts:68 ADD3 Int32Array(16) [50331648, 0, 33554432, 0, 1, 50331684, 1, 0, 0, 0, 0, 0, 0, 50364136, 134218433, 134218326] 0 true false 0
core.ts:1314 T PUSH ffffb510
bus.ts:450 3007ee4 134218433
bus.ts:450 3007ee0 1
thumb.ts:656 PUSH Int32Array(16) [50331648, 0, 33554432, 0, 1, 50331684, 1, 0, 0, 0, 0, 0, 0, 50364128, 134218433, 134218328] 16 true
core.ts:1171 T ASR(1) 1049 cycles 1639570
thumb.ts:133 Int32Array(16) [50331648, 0, 33554432, 0, 1, 50331684, 1, 0, 0, 0, 0, 0, 0, 50364128, 134218433, 134218330] 0 0 true 0
core.ts:1414 T B(1) -2ffc cycles 1639573
core.ts:1307 T POP -43f0 cycles 1639584
thumb.ts:623 Int32Array(16) [50331648, 0, 33554432, 0, 1, 50331684, 1, 0, 0, 0, 0, 0, 0, 50364132, 134218433, 134218344]
core.ts:1307 T POP -43ff cycles 1639590
thumb.ts:623 Int32Array(16) [134218433, 0, 33554432, 0, 1, 50331684, 1, 0, 0, 0, 0, 0, 0, 50364136, 134218433, 134218346]
core.ts:1107 T BX 4700 cycles 1639596
core.ts:168 BX switchExecMode 1 cycles 1639599
thumb.ts:225 BX 134218433 0
thumb.ts:226 Int32Array(16) [134218433, 0, 33554432, 0, 1, 50331684, 1, 0, 0, 0, 0, 0, 0, 50364136, 134218433, 134218432] "BX"
core.ts:1307 T POP -43f0 cycles 1639607
thumb.ts:623 Int32Array(16) [134218433, 0, 33554432, 0, 1, 50331684, 1, 0, 0, 0, 0, 0, 0, 50364140, 134218433, 134218436]
core.ts:1307 T POP -43ff cycles 1639613
thumb.ts:623 Int32Array(16) [134218527, 0, 33554432, 0, 1, 50331684, 1, 0, 0, 0, 0, 0, 0, 50364144, 134218433, 134218438]
core.ts:1107 T BX 4700 cycles 1639619
core.ts:168 BX switchExecMode 1 cycles 1639622
thumb.ts:225 BX 134218527 0
thumb.ts:226 Int32Array(16) [134218527, 0, 33554432, 0, 1, 50331684, 1, 0, 0, 0, 0, 0, 0, 50364144, 134218433, 134218526] "BX"
core.ts:1050 T CMP(2) 42a6 cycles 1639630
thumb.ts:271 cmp2 Int32Array(16) [134218527, 0, 33554432, 0, 1, 50331684, 1, 0, 0, 0, 0, 0, 0, 50364144, 134218433, 134218530] 0 true true false
core.ts:1414 T B(1) -2e07 cycles 1639633
core.ts:1307 T POP -4390 cycles 1639636
thumb.ts:623 Int32Array(16) [134218527, 0, 33554432, 0, 33554432, 0, 0, 0, 0, 0, 0, 0, 0, 50364156, 134218433, 134218534]
core.ts:1307 T POP -43ff cycles 1639646
thumb.ts:623 Int32Array(16) [134218109, 0, 33554432, 0, 33554432, 0, 0, 0, 0, 0, 0, 0, 0, 50364160, 134218433, 134218536]
core.ts:1107 T BX 4700 cycles 1639652
core.ts:168 BX switchExecMode 1 cycles 1639655
thumb.ts:225 BX 134218109 0
thumb.ts:226 Int32Array(16) [134218109, 0, 33554432, 0, 33554432, 0, 0, 0, 0, 0, 0, 0, 0, 50364160, 134218433, 134218108] "BX"
core.ts:1186 T MOV(1) 2000 cycles 1639663
thumb.ts:523 Int32Array(16) [0, 0, 33554432, 0, 33554432, 0, 0, 0, 0, 0, 0, 0, 0, 50364160, 134218433, 134218112]
core.ts:1186 T MOV(1) 2100 cycles 1639666
thumb.ts:523 Int32Array(16) [0, 0, 33554432, 0, 33554432, 0, 0, 0, 0, 0, 0, 0, 0, 50364160, 134218433, 134218114]
core.ts:1209 T LDR(3) 4b22 cycles 1639669
thumb.ts:343 before LDR3 Int32Array(16) [0, 0, 33554432, 0, 33554432, 0, 0, 0, 0, 0, 0, 0, 0, 50364160, 134218433, 134218116]
thumb.ts:355 Int32Array(16) [0, 0, 33554432, 134218453, 33554432, 0, 0, 0, 0, 0, 0, 0, 0, 50364160, 134218433, 134218116]
core.ts:1455 T BL(1) -1000 cycles 1639681
thumb.ts:200 Int32Array(16) [0, 0, 33554432, 134218453, 33554432, 0, 0, 0, 0, 0, 0, 0, 0, 50364160, 134218118, 134218118]
core.ts:1465 T BL(2) fffff809
thumb.ts:211 Int32Array(16) [0, 0, 33554432, 134218453, 33554432, 0, 0, 0, 0, 0, 0, 0, 0, 50364160, 134218119, 134218136]
core.ts:168 BX switchExecMode 1 cycles 1639698
thumb.ts:225 BX 134218453 3
thumb.ts:226 Int32Array(16) [0, 0, 33554432, 134218453, 33554432, 0, 0, 0, 0, 0, 0, 0, 0, 50364160, 134218119, 134218452] "BX"
core.ts:1186 T MOV(1) 2380 cycles 1639706
thumb.ts:523 Int32Array(16) [0, 0, 33554432, 128, 33554432, 0, 0, 0, 0, 0, 0, 0, 0, 50364160, 134218119, 134218456]
core.ts:1209 T LDR(3) 4a03 cycles 1639709
thumb.ts:343 before LDR3 Int32Array(16) [0, 0, 33554432, 128, 33554432, 0, 0, 0, 0, 0, 0, 0, 0, 50364160, 134218119, 134218458]
thumb.ts:355 Int32Array(16) [0, 0, 1027, 128, 33554432, 0, 0, 0, 0, 0, 0, 0, 0, 50364160, 134218119, 134218458]
core.ts:1161 T LSL(1) 4db cycles 1639721
thumb.ts:434 bedfore lsl Int32Array(16) [0, 0, 1027, 128, 33554432, 0, 0, 0, 0, 0, 0, 0, 0, 50364160, 134218119, 134218460]
thumb.ts:445 Int32Array(16) [0, 0, 1027, 67108864, 33554432, 0, 0, 0, 0, 0, 0, 0, 0, 50364160, 134218119, 134218460] ARMCore {SP: 13, LR: 14, PC: 15, MODE_ARM: 0, MODE_THUMB: 1, …}
core.ts:1295 T STR(1) 601a cycles 1639724
core.ts:1186 T MOV(1) 221f cycles 1639730
thumb.ts:523 Int32Array(16) [0, 0, 31, 67108864, 33554432, 0, 0, 0, 0, 0, 0, 0, 0, 50364160, 134218119, 134218464]
core.ts:1209 T LDR(3) 4b02 cycles 1639733
thumb.ts:343 before LDR3 Int32Array(16) [0, 0, 31, 67108864, 33554432, 0, 0, 0, 0, 0, 0, 0, 0, 50364160, 134218119, 134218466]
thumb.ts:355 Int32Array(16) [0, 0, 31, 100701936, 33554432, 0, 0, 0, 0, 0, 0, 0, 0, 50364160, 134218119, 134218466]
core.ts:1332 T STRH(1) -7fe6 cycles 1639745
thumb.ts:780 60096f0
core.ts:1434 T B(2) -1802 cycles 1639751
gba.ts:124 [Violation] 'setTimeout' handler took 71ms
